E:\Projects\mvc_lear\Master project\src\main\java\com\example\master_project\Controllers\mainController.java
E:\Projects\mvc_lear\Master project\src\main\java\com\example\master_project\Models\Project.java
E:\Projects\mvc_lear\Master project\src\main\java\com\example\master_project\Models\Methedology.java
E:\Projects\mvc_lear\Master project\src\main\java\com\example\master_project\Servlets\ProjectServelets.java
E:\Projects\mvc_lear\Master project\src\main\java\com\example\master_project\MasterProjectApplication.java
E:\Projects\mvc_lear\Master project\src\main\java\com\example\master_project\Servlets\areaService.java
E:\Projects\mvc_lear\Master project\src\main\java\com\example\master_project\Controllers\aeaControllers.java
E:\Projects\mvc_lear\Master project\src\main\java\com\example\master_project\Controllers\ProjectController.java
E:\Projects\mvc_lear\Master project\src\main\java\com\example\master_project\Models\Area.java
E:\Projects\mvc_lear\Master project\src\main\java\com\example\master_project\Repository\areaRepository.java
E:\Projects\mvc_lear\Master project\src\main\java\com\example\master_project\Repository\ProjectRepository.java
